Script started on Mon 21 Oct 2013 12:46:57 AM CDT
]0;joshua@josh-asus: ~/simplediffjoshua@josh-asus:~/simplediff$ script
Script started, file is typescript
]0;joshua@josh-asus: ~/simplediffjoshua@josh-asus:~/simplediff$ lein test

lein test simplediff.core-test

Ran 5 tests containing 5 assertions.
0 failures, 0 errors.
]0;joshua@josh-asus: ~/simplediffjoshua@josh-asus:~/simplediff$ lein run
usage: simplediff <file1> <file2>
]0;joshua@josh-asus: ~/simplediffjoshua@josh-asus:~/simplediff$ lein run "file1.txt" "file2.txt"
(1 c 1 < This is first line > This is new first line)
(4 a 5 > several)
(4 a 6 > and even more several)
(7 d 8 < )
(8 a 10 > No actually this one is.)
(8 a 11 > )
]0;joshua@josh-asus: ~/simplediffjoshua@josh-asus:~/simplediff$ exit
exit
Script done, file is typescript
]0;joshua@josh-asus: ~/simplediffjoshua@josh-asus:~/simplediff$ cat typescript 
Script started on Mon 21 Oct 2013 12:47:47 AM CDT
]0;joshua@josh-asus: ~/simplediffjoshua@josh-asus:~/simplediff$ lein test

lein test simplediff.core-test

Ran 5 tests containing 5 assertions.
0 failures, 0 errors.
]0;joshua@josh-asus: ~/simplediffjoshua@josh-asus:~/simplediff$ lein run
usage: simplediff <file1> <file2>
]0;joshua@josh-asus: ~/simplediffjoshua@josh-asus:~/simplediff$ lein run "file1.txt" "file2.txt"
(1 c 1 < This is first line > This is new first line)
(4 a 5 > several)
(4 a 6 > and even more several)
(7 d 8 < )
(8 a 10 > No actually this one is.)
(8 a 11 > )
]0;joshua@josh-asus: ~/simplediffjoshua@josh-asus:~/simplediff$ exit
exit

Script done on Mon 21 Oct 2013 12:48:10 AM CDT
]0;joshua@josh-asus: ~/simplediffjoshua@josh-asus:~/simplediff$ git add typescript
]0;joshua@josh-asus: ~/simplediffjoshua@josh-asus:~/simplediff$ git c[Kstatus
# On branch master
# Changes to be committed:
#   (use "git reset HEAD <file>..." to unstage)
#
#	new file:   typescript
#
# Changes not staged for commit:
#   (use "git add <file>..." to update what will be committed)
#   (use "git checkout -- <file>..." to discard changes in working directory)
#
#	modified:   project.clj
#
# Untracked files:
#   (use "git add <file>..." to include in what will be committed)
#
#	#.gitignore#
#	.#.gitignore
#	fileA.txt
#	fileB.txt
#	fileC.txt
#	fileD.txt
#	off
#	on
]0;joshua@josh-asus: ~/simplediffjoshua@josh-asus:~/simplediff$ git commit -m "added a main" .
[master 84c2836] added a main
 Committer: Joshua Calloway <joshua@josh-asus.(none)>
Your name and email address were configured automatically based
on your username and hostname. Please check that they are accurate.
You can suppress this message by setting them explicitly:

    git config --global user.name "Your Name"
    git config --global user.email you@example.com

After doing this, you may fix the identity used for this commit with:

    git commit --amend --reset-author

 2 files changed, 88 insertions(+), 1 deletion(-)
 create mode 100644 typescript
]0;joshua@josh-asus: ~/simplediffjoshua@josh-asus:~/simplediff$ git push origin master
Counting objects: 6, done.
Delta compression using up to 8 threads.
Compressing objects:  25% (1/4)   Compressing objects:  50% (2/4)   Compressing objects:  75% (3/4)   Compressing objects: 100% (4/4)   Compressing objects: 100% (4/4), done.
Writing objects:  25% (1/4)   Writing objects:  50% (2/4)   Writing objects:  75% (3/4)   Writing objects: 100% (4/4)   Writing objects: 100% (4/4), 1.21 KiB, done.
Total 4 (delta 2), reused 0 (delta 0)
To git@github.com:joshuacalloway/simplediff.git
   5b60e3a..84c2836  master -> master
]0;joshua@josh-asus: ~/simplediffjoshua@josh-asus:~/simplediff$ dos2u[K[K[K[K[Kuni
unicode_start  unicode_stop   uniq           unix_chkpwd    unix_update
]0;joshua@josh-asus: ~/simplediffjoshua@josh-asus:~/simplediff$ uni[K[K[Kdos2unix
The program 'dos2unix' is currently not installed. You can install it by typing:
sudo apt-get install dos2unix
]0;joshua@josh-asus: ~/simplediffjoshua@josh-asus:~/simplediff$ sudo apt-get install dos2unix
[sudo] password for joshua: 
Reading package lists... 0%Reading package lists... 100%Reading package lists... Done
Building dependency tree... 0%Building dependency tree... 0%Building dependency tree... 1%Building dependency tree... 50%Building dependency tree... 50%Building dependency tree       
Reading state information... 0%Reading state information... 0%Reading state information... Done
The following NEW packages will be installed:
  dos2unix
0 upgraded, 1 newly installed, 0 to remove and 10 not upgraded.
Need to get 76.7 kB of archives.
After this operation, 272 kB of additional disk space will be used.
0% [Working]            Get:1 http://us.archive.ubuntu.com/ubuntu/ quantal/universe dos2unix amd64 6.0-1 [76.7 kB]
            11% [1 dos2unix 8,380 B/76.7 kB 11%]                                    100% [Working]              Fetched 76.7 kB in 0s (220 kB/s)
Selecting previously unselected package dos2unix.
(Reading database ... (Reading database ... 5%(Reading database ... 10%(Reading database ... 15%(Reading database ... 20%(Reading database ... 25%(Reading database ... 30%(Reading database ... 35%(Reading database ... 40%(Reading database ... 45%(Reading database ... 50%(Reading database ... 55%(Reading database ... 60%(Reading database ... 65%(Reading database ... 70%(Reading database ... 75%(Reading database ... 80%(Reading database ... 85%(Reading database ... 90%(Reading database ... 95%(Reading database ... 100%(Reading database ... 145943 files and directories currently installed.)
Unpacking dos2unix (from .../dos2unix_6.0-1_amd64.deb) ...
Processing triggers for man-db ...
Setting up dos2unix (6.0-1) ...
]0;joshua@josh-asus: ~/simplediffjoshua@josh-asus:~/simplediff$ dos2unix typescript 
dos2unix: Skipping binary file typescript
]0;joshua@josh-asus: ~/simplediffjoshua@josh-asus:~/simplediff$ scrjipt[K[K[K[Kipt off
Script started, file is off
]0;joshua@josh-asus: ~/simplediffjoshua@josh-asus:~/simplediff$ exit
exit
Script done, file is off
]0;joshua@josh-asus: ~/simplediffjoshua@josh-asus:~/simplediff$ git status
# On branch master
# Changes not staged for commit:
#   (use "git add <file>..." to update what will be committed)
#   (use "git checkout -- <file>..." to discard changes in working directory)
#
#	modified:   README.md
#	modified:   typescript
#
# Untracked files:
#   (use "git add <file>..." to include in what will be committed)
#
#	#.gitignore#
#	.#.gitignore
#	fileA.txt
#	fileB.txt
#	fileC.txt
#	fileD.txt
#	off
#	on
no changes added to commit (use "git add" and/or "git commit -a")
]0;joshua@josh-asus: ~/simplediffjoshua@josh-asus:~/simplediff$ git commit -m "added readme" .
[master 2fe5a60] added readme
 Committer: Joshua Calloway <joshua@josh-asus.(none)>
Your name and email address were configured automatically based
on your username and hostname. Please check that they are accurate.
You can suppress this message by setting them explicitly:

    git config --global user.name "Your Name"
    git config --global user.email you@example.com

After doing this, you may fix the identity used for this commit with:

    git commit --amend --reset-author

 2 files changed, 131 insertions(+), 32 deletions(-)
]0;joshua@josh-asus: ~/simplediffjoshua@josh-asus:~/simplediff$ git push origin master
Counting objects: 7, done.
Delta compression using up to 8 threads.
Compressing objects:  25% (1/4)   Compressing objects:  50% (2/4)   Compressing objects:  75% (3/4)   Compressing objects: 100% (4/4)   Compressing objects: 100% (4/4), done.
Writing objects:  25% (1/4)   Writing objects:  50% (2/4)   Writing objects: 100% (4/4)   Writing objects: 100% (4/4), 2.36 KiB, done.
Total 4 (delta 2), reused 0 (delta 0)
To git@github.com:joshuacalloway/simplediff.git
   84c2836..2fe5a60  master -> master
]0;joshua@josh-asus: ~/simplediffjoshua@josh-asus:~/simplediff$ git status
# On branch master
# Changes not staged for commit:
#   (use "git add <file>..." to update what will be committed)
#   (use "git checkout -- <file>..." to discard changes in working directory)
#
#	modified:   README.md
#
# Untracked files:
#   (use "git add <file>..." to include in what will be committed)
#
#	#.gitignore#
#	.#.gitignore
#	fileA.txt
#	fileB.txt
#	fileC.txt
#	fileD.txt
#	off
#	on
no changes added to commit (use "git add" and/or "git commit -a")
]0;joshua@josh-asus: ~/simplediffjoshua@josh-asus:~/simplediff$ git commit -m "cleaned up readme" .
[master 0c0e9e6] cleaned up readme
 Committer: Joshua Calloway <joshua@josh-asus.(none)>
Your name and email address were configured automatically based
on your username and hostname. Please check that they are accurate.
You can suppress this message by setting them explicitly:

    git config --global user.name "Your Name"
    git config --global user.email you@example.com

After doing this, you may fix the identity used for this commit with:

    git commit --amend --reset-author

 2 files changed, 58 insertions(+), 56 deletions(-)
]0;joshua@josh-asus: ~/simplediffjoshua@josh-asus:~/simplediff$ git push origin master
Counting objects: 7, done.
Delta compression using up to 8 threads.
Compressing objects:  25% (1/4)   Compressing objects:  50% (2/4)   Compressing objects:  75% (3/4)   Compressing objects: 100% (4/4)   Compressing objects: 100% (4/4), done.
Writing objects:  25% (1/4)   Writing objects:  50% (2/4)   Writing objects:  75% (3/4)   Writing objects: 100% (4/4)   Writing objects: 100% (4/4), 716 bytes, done.
Total 4 (delta 3), reused 0 (delta 0)
To git@github.com:joshuacalloway/simplediff.git
   2fe5a60..0c0e9e6  master -> master
]0;joshua@josh-asus: ~/simplediffjoshua@josh-asus:~/simplediff$ git push origin mastercommit -m "cleaned up readme" .
[master dff4099] cleaned up readme
 Committer: Joshua Calloway <joshua@josh-asus.(none)>
Your name and email address were configured automatically based
on your username and hostname. Please check that they are accurate.
You can suppress this message by setting them explicitly:

    git config --global user.name "Your Name"
    git config --global user.email you@example.com

After doing this, you may fix the identity used for this commit with:

    git commit --amend --reset-author

 2 files changed, 112 insertions(+), 17 deletions(-)
]0;joshua@josh-asus: ~/simplediffjoshua@josh-asus:~/simplediff$ git commit -m "cleaned up readme" .[13Ppush origin master
Counting objects: 7, done.
Delta compression using up to 8 threads.
Compressing objects:  25% (1/4)   Compressing objects:  50% (2/4)   Compressing objects:  75% (3/4)   Compressing objects: 100% (4/4)   Compressing objects: 100% (4/4), done.
Writing objects:  25% (1/4)   Writing objects:  50% (2/4)   Writing objects:  75% (3/4)   Writing objects: 100% (4/4)   Writing objects: 100% (4/4), 576 bytes, done.
Total 4 (delta 3), reused 0 (delta 0)
To git@github.com:joshuacalloway/simplediff.git
   0c0e9e6..dff4099  master -> master
]0;joshua@josh-asus: ~/simplediffjoshua@josh-asus:~/simplediff$ git push origin mastercommit -m "cleaned up readme" .[K[K[K[K[K[K[K[K[K[K[K[K[K[K[K[K[K[K[K[Kindentation" .
[master 85e4e6c] indentation
 Committer: Joshua Calloway <joshua@josh-asus.(none)>
Your name and email address were configured automatically based
on your username and hostname. Please check that they are accurate.
You can suppress this message by setting them explicitly:

    git config --global user.name "Your Name"
    git config --global user.email you@example.com

After doing this, you may fix the identity used for this commit with:

    git commit --amend --reset-author

 3 files changed, 21 insertions(+), 26 deletions(-)
]0;joshua@josh-asus: ~/simplediffjoshua@josh-asus:~/simplediff$ git commit -m "indentation" .[7Ppush origin master
Counting objects: 13, done.
Delta com